info: puya-sol v0.1.0 — Solidity to Algorand Compiler
info: Source: /home/argi/AlgorandFoundation/SideProjects/puya-sol/puya-sol/WIP/examples/aave-v4/contracts/TokenizationSpoke.sol
info: EVM version set to: cancun (hasChainID=true)
info: Parsing and type-checking...
info: Parse and type-check successful!
info: Building AWST...
info: Translating library: Bytes
info: Translating library: ECDSA
info: Translating library: EIP712Hash
/home/argi/AlgorandFoundation/SideProjects/puya-sol/puya-sol/WIP/examples/aave-v4/contracts/TokenizationSpoke.sol:3055 warning: non-scalar type 'PositionManagerUpdate' in assembly arithmetic, coercing to biguint(0)
/home/argi/AlgorandFoundation/SideProjects/puya-sol/puya-sol/WIP/examples/aave-v4/contracts/TokenizationSpoke.sol:3042 warning: calldataload at unknown offset 32, returning 0
info: Translating library: Math
info: Translating library: MathUtils
info: Translating library: Panic
info: Translating library: SafeCast
info: Translating library: SafeERC20
/home/argi/AlgorandFoundation/SideProjects/puya-sol/puya-sol/WIP/examples/aave-v4/contracts/TokenizationSpoke.sol:8335 warning: non-scalar type 'account' in assembly arithmetic, coercing to biguint(0)
/home/argi/AlgorandFoundation/SideProjects/puya-sol/puya-sol/WIP/examples/aave-v4/contracts/TokenizationSpoke.sol:9096 warning: extcodesize() stubbed as 1 (no AVM equivalent)
/home/argi/AlgorandFoundation/SideProjects/puya-sol/puya-sol/WIP/examples/aave-v4/contracts/TokenizationSpoke.sol:10001 warning: non-scalar type 'account' in assembly arithmetic, coercing to biguint(0)
/home/argi/AlgorandFoundation/SideProjects/puya-sol/puya-sol/WIP/examples/aave-v4/contracts/TokenizationSpoke.sol:10048 warning: non-scalar type 'account' in assembly arithmetic, coercing to biguint(0)
/home/argi/AlgorandFoundation/SideProjects/puya-sol/puya-sol/WIP/examples/aave-v4/contracts/TokenizationSpoke.sol:10809 warning: extcodesize() stubbed as 1 (no AVM equivalent)
/home/argi/AlgorandFoundation/SideProjects/puya-sol/puya-sol/WIP/examples/aave-v4/contracts/TokenizationSpoke.sol:11668 warning: non-scalar type 'account' in assembly arithmetic, coercing to biguint(0)
/home/argi/AlgorandFoundation/SideProjects/puya-sol/puya-sol/WIP/examples/aave-v4/contracts/TokenizationSpoke.sol:12434 warning: extcodesize() stubbed as 1 (no AVM equivalent)
info: Translating library: SignatureChecker
/home/argi/AlgorandFoundation/SideProjects/puya-sol/puya-sol/WIP/examples/aave-v4/contracts/TokenizationSpoke.sol:4719 warning: address.staticcall(data) stubbed — returns (true, empty).
info: Translating contract: NoncesKeyed
info: Generated 1 AWST root node(s)
info: Wrote: /home/argi/AlgorandFoundation/SideProjects/puya-sol/puya-sol/WIP/examples/aave-v4/out/TokenizationSpoke/awst.json
info: Wrote: /home/argi/AlgorandFoundation/SideProjects/puya-sol/puya-sol/WIP/examples/aave-v4/out/TokenizationSpoke/options.json
info: Completed with 10 warning(s)
info: Invoking puya backend...
info: puya completed successfully
