info: puya-sol v0.1.0 — Solidity to Algorand Compiler
info: Source: /home/argi/AlgorandFoundation/SideProjects/puya-sol/puya-sol/WIP/examples/aave-v4/contracts/SpokeInstance.sol
info: EVM version set to: cancun (hasChainID=true)
info: Parsing and type-checking...
info: Parse and type-check successful!
info: Building AWST...
info: Translating library: Arrays
/home/argi/AlgorandFoundation/SideProjects/puya-sol/puya-sol/WIP/examples/aave-v4/contracts/SpokeInstance.sol:6233 warning: non-scalar type 'arc4.dynamic_array<arc4.uint256>' in assembly arithmetic, coercing to biguint(0)
warning: unrecognised member 'value' on type biguint
/home/argi/AlgorandFoundation/SideProjects/puya-sol/puya-sol/WIP/examples/aave-v4/contracts/SpokeInstance.sol:9236 warning: unsupported member access '.value'
warning: unrecognised member 'value' on type biguint
/home/argi/AlgorandFoundation/SideProjects/puya-sol/puya-sol/WIP/examples/aave-v4/contracts/SpokeInstance.sol:9471 warning: unsupported member access '.value'
warning: unrecognised member 'value' on type biguint
/home/argi/AlgorandFoundation/SideProjects/puya-sol/puya-sol/WIP/examples/aave-v4/contracts/SpokeInstance.sol:10457 warning: unsupported member access '.value'
warning: unrecognised member 'value' on type biguint
/home/argi/AlgorandFoundation/SideProjects/puya-sol/puya-sol/WIP/examples/aave-v4/contracts/SpokeInstance.sol:11551 warning: unsupported member access '.value'
/home/argi/AlgorandFoundation/SideProjects/puya-sol/puya-sol/WIP/examples/aave-v4/contracts/SpokeInstance.sol:14500 warning: non-scalar type 'arc4.dynamic_array<arc4.static_array<arc4.uint8, 32>>' in assembly arithmetic, coercing to biguint(0)
/home/argi/AlgorandFoundation/SideProjects/puya-sol/puya-sol/WIP/examples/aave-v4/contracts/SpokeInstance.sol:14523 warning: non-scalar type 'arc4.dynamic_array<arc4.static_array<arc4.uint8, 32>>' in assembly arithmetic, coercing to biguint(0)
/home/argi/AlgorandFoundation/SideProjects/puya-sol/puya-sol/WIP/examples/aave-v4/contracts/SpokeInstance.sol:15781 warning: non-scalar type 'arc4.dynamic_array<arc4.static_array<arc4.uint8, 32>>' in assembly arithmetic, coercing to biguint(0)
/home/argi/AlgorandFoundation/SideProjects/puya-sol/puya-sol/WIP/examples/aave-v4/contracts/SpokeInstance.sol:15804 warning: non-scalar type 'arc4.dynamic_array<arc4.static_array<arc4.uint8, 32>>' in assembly arithmetic, coercing to biguint(0)
/home/argi/AlgorandFoundation/SideProjects/puya-sol/puya-sol/WIP/examples/aave-v4/contracts/SpokeInstance.sol:17062 warning: non-scalar type 'arc4.dynamic_array<arc4.uint256>' in assembly arithmetic, coercing to biguint(0)
/home/argi/AlgorandFoundation/SideProjects/puya-sol/puya-sol/WIP/examples/aave-v4/contracts/SpokeInstance.sol:17085 warning: non-scalar type 'arc4.dynamic_array<arc4.uint256>' in assembly arithmetic, coercing to biguint(0)
/home/argi/AlgorandFoundation/SideProjects/puya-sol/puya-sol/WIP/examples/aave-v4/contracts/SpokeInstance.sol:18523 warning: non-scalar type 'arc4.dynamic_array<arc4.static_array<arc4.uint8, 32>>' in assembly arithmetic, coercing to biguint(0)
/home/argi/AlgorandFoundation/SideProjects/puya-sol/puya-sol/WIP/examples/aave-v4/contracts/SpokeInstance.sol:18545 warning: non-scalar type 'arc4.dynamic_array<arc4.static_array<arc4.uint8, 32>>' in assembly arithmetic, coercing to biguint(0)
/home/argi/AlgorandFoundation/SideProjects/puya-sol/puya-sol/WIP/examples/aave-v4/contracts/SpokeInstance.sol:18616 warning: non-scalar type 'arc4.dynamic_array<arc4.static_array<arc4.uint8, 32>>' in assembly arithmetic, coercing to biguint(0)
/home/argi/AlgorandFoundation/SideProjects/puya-sol/puya-sol/WIP/examples/aave-v4/contracts/SpokeInstance.sol:20019 warning: non-scalar type 'arc4.dynamic_array<arc4.static_array<arc4.uint8, 32>>' in assembly arithmetic, coercing to biguint(0)
/home/argi/AlgorandFoundation/SideProjects/puya-sol/puya-sol/WIP/examples/aave-v4/contracts/SpokeInstance.sol:20041 warning: non-scalar type 'arc4.dynamic_array<arc4.static_array<arc4.uint8, 32>>' in assembly arithmetic, coercing to biguint(0)
/home/argi/AlgorandFoundation/SideProjects/puya-sol/puya-sol/WIP/examples/aave-v4/contracts/SpokeInstance.sol:20112 warning: non-scalar type 'arc4.dynamic_array<arc4.static_array<arc4.uint8, 32>>' in assembly arithmetic, coercing to biguint(0)
/home/argi/AlgorandFoundation/SideProjects/puya-sol/puya-sol/WIP/examples/aave-v4/contracts/SpokeInstance.sol:21515 warning: non-scalar type 'arc4.dynamic_array<arc4.uint256>' in assembly arithmetic, coercing to biguint(0)
/home/argi/AlgorandFoundation/SideProjects/puya-sol/puya-sol/WIP/examples/aave-v4/contracts/SpokeInstance.sol:21537 warning: non-scalar type 'arc4.dynamic_array<arc4.uint256>' in assembly arithmetic, coercing to biguint(0)
/home/argi/AlgorandFoundation/SideProjects/puya-sol/puya-sol/WIP/examples/aave-v4/contracts/SpokeInstance.sol:21608 warning: non-scalar type 'arc4.dynamic_array<arc4.uint256>' in assembly arithmetic, coercing to biguint(0)
/home/argi/AlgorandFoundation/SideProjects/puya-sol/puya-sol/WIP/examples/aave-v4/contracts/SpokeInstance.sol:22040 warning: non-scalar type 'arc4.dynamic_array<arc4.static_array<arc4.uint8, 32>>' in assembly arithmetic, coercing to biguint(0)
/home/argi/AlgorandFoundation/SideProjects/puya-sol/puya-sol/WIP/examples/aave-v4/contracts/SpokeInstance.sol:22499 warning: non-scalar type 'arc4.dynamic_array<arc4.static_array<arc4.uint8, 32>>' in assembly arithmetic, coercing to biguint(0)
/home/argi/AlgorandFoundation/SideProjects/puya-sol/puya-sol/WIP/examples/aave-v4/contracts/SpokeInstance.sol:22958 warning: non-scalar type 'arc4.dynamic_array<arc4.uint256>' in assembly arithmetic, coercing to biguint(0)
/home/argi/AlgorandFoundation/SideProjects/puya-sol/puya-sol/WIP/examples/aave-v4/contracts/SpokeInstance.sol:23413 warning: non-scalar type 'arc4.dynamic_array<byte[]>' in assembly arithmetic, coercing to biguint(0)
/home/argi/AlgorandFoundation/SideProjects/puya-sol/puya-sol/WIP/examples/aave-v4/contracts/SpokeInstance.sol:23868 warning: non-scalar type 'arc4.dynamic_array<string>' in assembly arithmetic, coercing to biguint(0)
/home/argi/AlgorandFoundation/SideProjects/puya-sol/puya-sol/WIP/examples/aave-v4/contracts/SpokeInstance.sol:24294 warning: non-scalar type 'arc4.dynamic_array<arc4.static_array<arc4.uint8, 32>>' in assembly arithmetic, coercing to biguint(0)
/home/argi/AlgorandFoundation/SideProjects/puya-sol/puya-sol/WIP/examples/aave-v4/contracts/SpokeInstance.sol:24677 warning: non-scalar type 'arc4.dynamic_array<arc4.static_array<arc4.uint8, 32>>' in assembly arithmetic, coercing to biguint(0)
/home/argi/AlgorandFoundation/SideProjects/puya-sol/puya-sol/WIP/examples/aave-v4/contracts/SpokeInstance.sol:25060 warning: non-scalar type 'arc4.dynamic_array<arc4.uint256>' in assembly arithmetic, coercing to biguint(0)
/home/argi/AlgorandFoundation/SideProjects/puya-sol/puya-sol/WIP/examples/aave-v4/contracts/SpokeInstance.sol:25446 warning: non-scalar type 'arc4.dynamic_array<byte[]>' in assembly arithmetic, coercing to biguint(0)
/home/argi/AlgorandFoundation/SideProjects/puya-sol/puya-sol/WIP/examples/aave-v4/contracts/SpokeInstance.sol:25834 warning: non-scalar type 'arc4.dynamic_array<string>' in assembly arithmetic, coercing to biguint(0)
info: Translating library: AuthorityUtils
/home/argi/AlgorandFoundation/SideProjects/puya-sol/puya-sol/WIP/examples/aave-v4/contracts/SpokeInstance.sol:928 warning: staticcall in pure expression context; use let/assign form for precompile support
info: Translating library: Bytes
info: Translating library: Comparators
info: Translating library: ECDSA
info: Translating library: EIP712Hash
/home/argi/AlgorandFoundation/SideProjects/puya-sol/puya-sol/WIP/examples/aave-v4/contracts/SpokeInstance.sol:3055 warning: non-scalar type 'PositionManagerUpdate' in assembly arithmetic, coercing to biguint(0)
/home/argi/AlgorandFoundation/SideProjects/puya-sol/puya-sol/WIP/examples/aave-v4/contracts/SpokeInstance.sol:3042 warning: calldataload at unknown offset 32, returning 0
info: Translating library: KeyValueList
info: Translating library: LibBit
info: Translating library: LiquidationLogic
info: Translating library: Math
info: Translating library: MathUtils
info: Translating library: Panic
info: Translating library: PercentageMath
info: Translating library: PositionStatusMap
info: Translating library: Premium
info: Translating library: ReserveFlagsMap
info: Translating library: SafeCast
info: Translating library: SafeERC20
/home/argi/AlgorandFoundation/SideProjects/puya-sol/puya-sol/WIP/examples/aave-v4/contracts/SpokeInstance.sol:8335 warning: non-scalar type 'account' in assembly arithmetic, coercing to biguint(0)
/home/argi/AlgorandFoundation/SideProjects/puya-sol/puya-sol/WIP/examples/aave-v4/contracts/SpokeInstance.sol:9096 warning: extcodesize() stubbed as 1 (no AVM equivalent)
/home/argi/AlgorandFoundation/SideProjects/puya-sol/puya-sol/WIP/examples/aave-v4/contracts/SpokeInstance.sol:10001 warning: non-scalar type 'account' in assembly arithmetic, coercing to biguint(0)
/home/argi/AlgorandFoundation/SideProjects/puya-sol/puya-sol/WIP/examples/aave-v4/contracts/SpokeInstance.sol:10048 warning: non-scalar type 'account' in assembly arithmetic, coercing to biguint(0)
/home/argi/AlgorandFoundation/SideProjects/puya-sol/puya-sol/WIP/examples/aave-v4/contracts/SpokeInstance.sol:10809 warning: extcodesize() stubbed as 1 (no AVM equivalent)
/home/argi/AlgorandFoundation/SideProjects/puya-sol/puya-sol/WIP/examples/aave-v4/contracts/SpokeInstance.sol:11668 warning: non-scalar type 'account' in assembly arithmetic, coercing to biguint(0)
/home/argi/AlgorandFoundation/SideProjects/puya-sol/puya-sol/WIP/examples/aave-v4/contracts/SpokeInstance.sol:12434 warning: extcodesize() stubbed as 1 (no AVM equivalent)
info: Translating library: SignatureChecker
/home/argi/AlgorandFoundation/SideProjects/puya-sol/puya-sol/WIP/examples/aave-v4/contracts/SpokeInstance.sol:4719 warning: address.staticcall(data) stubbed — returns (true, empty).
info: Translating library: SlotDerivation
/home/argi/AlgorandFoundation/SideProjects/puya-sol/puya-sol/WIP/examples/aave-v4/contracts/SpokeInstance.sol:1842 warning: non-scalar type 'string' in assembly arithmetic, coercing to biguint(0)
/home/argi/AlgorandFoundation/SideProjects/puya-sol/puya-sol/WIP/examples/aave-v4/contracts/SpokeInstance.sol:1832 warning: keccak256 with sub-32-byte input, using partial slot
/home/argi/AlgorandFoundation/SideProjects/puya-sol/puya-sol/WIP/examples/aave-v4/contracts/SpokeInstance.sol:2724 warning: non-scalar type 'account' in assembly arithmetic, coercing to biguint(0)
/home/argi/AlgorandFoundation/SideProjects/puya-sol/puya-sol/WIP/examples/aave-v4/contracts/SpokeInstance.sol:4246 warning: non-scalar type 'string' in assembly arithmetic, coercing to biguint(0)
/home/argi/AlgorandFoundation/SideProjects/puya-sol/puya-sol/WIP/examples/aave-v4/contracts/SpokeInstance.sol:4290 warning: non-scalar type 'string' in assembly arithmetic, coercing to biguint(0)
info: Translating library: SpokeUtils
info: Translating library: StorageSlot
info: Translating library: TransientSlot
/home/argi/AlgorandFoundation/SideProjects/puya-sol/puya-sol/WIP/examples/aave-v4/contracts/SpokeInstance.sol:2967 warning: non-scalar type 'account' in assembly arithmetic, coercing to biguint(0)
info: Translating library: UserPositionUtils
info: Translating library: WadRayMath
info: Translating contract: NoncesKeyed
info: Translating contract: SpokeInstance
warning: block.chainid mapped to global GenesisHash. AVM has no chain ID; GenesisHash uniquely identifies the network
warning: unsupported type 'type(library LiquidationLogic)', falling back to bytes
warning: block.chainid mapped to global GenesisHash. AVM has no chain ID; GenesisHash uniquely identifies the network
warning: unsupported type 'bytes slice', falling back to bytes
warning: unrecognised member '_initialized' on type biguint
/home/argi/AlgorandFoundation/SideProjects/puya-sol/puya-sol/WIP/examples/aave-v4/contracts/SpokeInstance.sol:7919 warning: unsupported member access '._initialized'
warning: unrecognised member '_initializing' on type biguint
/home/argi/AlgorandFoundation/SideProjects/puya-sol/puya-sol/WIP/examples/aave-v4/contracts/SpokeInstance.sol:8140 warning: unsupported member access '._initializing'
info: Generated 110 AWST root node(s)
info: --deploy-pure-helpers: lifting 'EIP712Hash.hash' (sig='EIP712Hash.hash(PositionManagerUpdate)byte[32]') to PureHelper__EIP712Hash_hash__0
info: --deploy-pure-helpers: lifting 'LibBit.popCount' (sig='LibBit.popCount(uint256)uint256') to PureHelper__LibBit_popCount__1
info: --deploy-pure-helpers: lifting 'LibBit.fls' (sig='LibBit.fls(uint256)uint256') to PureHelper__LibBit_fls__2
info: --deploy-pure-helpers: lifting 'LiquidationLogic._calculateDebtToLiquidate' (sig='LiquidationLogic._calculateDebtToLiquidate(CalculateDebtToLiquidateParams)(uint256,uint256)') to PureHelper__LiquidationLogic__calculateDebtToLiquidate__3
info: --deploy-pure-helpers: lifting 'Math.mulDiv' (sig='Math.mulDiv(uint256,uint256,uint256)uint256') to PureHelper__Math_mulDiv__4
info: --deploy-pure-helpers: extracted 5 helper(s)
info: Wrote: /home/argi/AlgorandFoundation/SideProjects/puya-sol/puya-sol/WIP/examples/aave-v4/out/SpokeInstance/pure_helpers.json
info: --uros-splitter: 10 chunk(s) carrying 52 method(s) of 'SpokeInstance'
info: Wrote: /home/argi/AlgorandFoundation/SideProjects/puya-sol/puya-sol/WIP/examples/aave-v4/out/SpokeInstance/awst.json
info: Wrote: /home/argi/AlgorandFoundation/SideProjects/puya-sol/puya-sol/WIP/examples/aave-v4/out/SpokeInstance/options.json
info: Wrote: /home/argi/AlgorandFoundation/SideProjects/puya-sol/puya-sol/WIP/examples/aave-v4/out/SpokeInstance/__uros_split/chunk_0/awst.json
info: Wrote: /home/argi/AlgorandFoundation/SideProjects/puya-sol/puya-sol/WIP/examples/aave-v4/out/SpokeInstance/__uros_split/chunk_1/awst.json
info: Wrote: /home/argi/AlgorandFoundation/SideProjects/puya-sol/puya-sol/WIP/examples/aave-v4/out/SpokeInstance/__uros_split/chunk_2/awst.json
info: Wrote: /home/argi/AlgorandFoundation/SideProjects/puya-sol/puya-sol/WIP/examples/aave-v4/out/SpokeInstance/__uros_split/chunk_3/awst.json
info: Wrote: /home/argi/AlgorandFoundation/SideProjects/puya-sol/puya-sol/WIP/examples/aave-v4/out/SpokeInstance/__uros_split/chunk_4/awst.json
info: Wrote: /home/argi/AlgorandFoundation/SideProjects/puya-sol/puya-sol/WIP/examples/aave-v4/out/SpokeInstance/__uros_split/chunk_5/awst.json
info: Wrote: /home/argi/AlgorandFoundation/SideProjects/puya-sol/puya-sol/WIP/examples/aave-v4/out/SpokeInstance/__uros_split/chunk_6/awst.json
info: Wrote: /home/argi/AlgorandFoundation/SideProjects/puya-sol/puya-sol/WIP/examples/aave-v4/out/SpokeInstance/__uros_split/chunk_7/awst.json
info: Wrote: /home/argi/AlgorandFoundation/SideProjects/puya-sol/puya-sol/WIP/examples/aave-v4/out/SpokeInstance/__uros_split/chunk_8/awst.json
info: Wrote: /home/argi/AlgorandFoundation/SideProjects/puya-sol/puya-sol/WIP/examples/aave-v4/out/SpokeInstance/__uros_split/chunk_9/awst.json
info: Completed with 59 warning(s)
info: Invoking puya backend...
info: puya completed successfully
info: Invoking puya backend for --uros-splitter chunk_0...
info: puya completed successfully
info: Invoking puya backend for --uros-splitter chunk_1...
info: puya completed successfully
info: Invoking puya backend for --uros-splitter chunk_2...
info: puya completed successfully
info: Invoking puya backend for --uros-splitter chunk_3...
info: puya completed successfully
info: Invoking puya backend for --uros-splitter chunk_4...
info: puya completed successfully
info: Invoking puya backend for --uros-splitter chunk_5...
info: puya completed successfully
info: Invoking puya backend for --uros-splitter chunk_6...
info: puya completed successfully
info: Invoking puya backend for --uros-splitter chunk_7...
info: puya completed successfully
info: Invoking puya backend for --uros-splitter chunk_8...
info: puya completed successfully
info: Invoking puya backend for --uros-splitter chunk_9...
info: puya completed successfully
info: Wrote: /home/argi/AlgorandFoundation/SideProjects/puya-sol/puya-sol/WIP/examples/aave-v4/out/SpokeInstance/deploy.uros.json
