info: puya-sol v0.1.0 — Solidity to Algorand Compiler
info: Source: /home/argi/AlgorandFoundation/SideProjects/puya-sol/puya-sol/WIP/examples/aave-v4/contracts/AccessManagerEnumerable.sol
info: EVM version set to: cancun (hasChainID=true)
info: Parsing and type-checking...
info: Parse and type-check successful!
info: Building AWST...
info: Translating library: Address
/home/argi/AlgorandFoundation/SideProjects/puya-sol/puya-sol/WIP/examples/aave-v4/contracts/AccessManagerEnumerable.sol:1378 warning: address.balance returns the account balance in microAlgos on AVM, not wei. 1 microAlgo = 1e-6 ALGO. This is NOT equivalent to EVM wei (1 wei = 1e-18 ETH). Ensure your contract logic accounts for this difference.
/home/argi/AlgorandFoundation/SideProjects/puya-sol/puya-sol/WIP/examples/aave-v4/contracts/AccessManagerEnumerable.sol:3142 warning: address.balance returns the account balance in microAlgos on AVM, not wei. 1 microAlgo = 1e-6 ALGO. This is NOT equivalent to EVM wei (1 wei = 1e-18 ETH). Ensure your contract logic accounts for this difference.
info: Translating library: Arrays
/home/argi/AlgorandFoundation/SideProjects/puya-sol/puya-sol/WIP/examples/aave-v4/contracts/AccessManagerEnumerable.sol:6233 warning: non-scalar type 'arc4.dynamic_array<arc4.uint256>' in assembly arithmetic, coercing to biguint(0)
warning: unrecognised member 'value' on type biguint
/home/argi/AlgorandFoundation/SideProjects/puya-sol/puya-sol/WIP/examples/aave-v4/contracts/AccessManagerEnumerable.sol:9236 warning: unsupported member access '.value'
warning: unrecognised member 'value' on type biguint
/home/argi/AlgorandFoundation/SideProjects/puya-sol/puya-sol/WIP/examples/aave-v4/contracts/AccessManagerEnumerable.sol:9471 warning: unsupported member access '.value'
warning: unrecognised member 'value' on type biguint
/home/argi/AlgorandFoundation/SideProjects/puya-sol/puya-sol/WIP/examples/aave-v4/contracts/AccessManagerEnumerable.sol:10457 warning: unsupported member access '.value'
warning: unrecognised member 'value' on type biguint
/home/argi/AlgorandFoundation/SideProjects/puya-sol/puya-sol/WIP/examples/aave-v4/contracts/AccessManagerEnumerable.sol:11551 warning: unsupported member access '.value'
/home/argi/AlgorandFoundation/SideProjects/puya-sol/puya-sol/WIP/examples/aave-v4/contracts/AccessManagerEnumerable.sol:14500 warning: non-scalar type 'arc4.dynamic_array<arc4.static_array<arc4.uint8, 32>>' in assembly arithmetic, coercing to biguint(0)
/home/argi/AlgorandFoundation/SideProjects/puya-sol/puya-sol/WIP/examples/aave-v4/contracts/AccessManagerEnumerable.sol:14523 warning: non-scalar type 'arc4.dynamic_array<arc4.static_array<arc4.uint8, 32>>' in assembly arithmetic, coercing to biguint(0)
/home/argi/AlgorandFoundation/SideProjects/puya-sol/puya-sol/WIP/examples/aave-v4/contracts/AccessManagerEnumerable.sol:15781 warning: non-scalar type 'arc4.dynamic_array<arc4.static_array<arc4.uint8, 32>>' in assembly arithmetic, coercing to biguint(0)
/home/argi/AlgorandFoundation/SideProjects/puya-sol/puya-sol/WIP/examples/aave-v4/contracts/AccessManagerEnumerable.sol:15804 warning: non-scalar type 'arc4.dynamic_array<arc4.static_array<arc4.uint8, 32>>' in assembly arithmetic, coercing to biguint(0)
/home/argi/AlgorandFoundation/SideProjects/puya-sol/puya-sol/WIP/examples/aave-v4/contracts/AccessManagerEnumerable.sol:17062 warning: non-scalar type 'arc4.dynamic_array<arc4.uint256>' in assembly arithmetic, coercing to biguint(0)
/home/argi/AlgorandFoundation/SideProjects/puya-sol/puya-sol/WIP/examples/aave-v4/contracts/AccessManagerEnumerable.sol:17085 warning: non-scalar type 'arc4.dynamic_array<arc4.uint256>' in assembly arithmetic, coercing to biguint(0)
/home/argi/AlgorandFoundation/SideProjects/puya-sol/puya-sol/WIP/examples/aave-v4/contracts/AccessManagerEnumerable.sol:18523 warning: non-scalar type 'arc4.dynamic_array<arc4.static_array<arc4.uint8, 32>>' in assembly arithmetic, coercing to biguint(0)
/home/argi/AlgorandFoundation/SideProjects/puya-sol/puya-sol/WIP/examples/aave-v4/contracts/AccessManagerEnumerable.sol:18545 warning: non-scalar type 'arc4.dynamic_array<arc4.static_array<arc4.uint8, 32>>' in assembly arithmetic, coercing to biguint(0)
/home/argi/AlgorandFoundation/SideProjects/puya-sol/puya-sol/WIP/examples/aave-v4/contracts/AccessManagerEnumerable.sol:18616 warning: non-scalar type 'arc4.dynamic_array<arc4.static_array<arc4.uint8, 32>>' in assembly arithmetic, coercing to biguint(0)
/home/argi/AlgorandFoundation/SideProjects/puya-sol/puya-sol/WIP/examples/aave-v4/contracts/AccessManagerEnumerable.sol:20019 warning: non-scalar type 'arc4.dynamic_array<arc4.static_array<arc4.uint8, 32>>' in assembly arithmetic, coercing to biguint(0)
/home/argi/AlgorandFoundation/SideProjects/puya-sol/puya-sol/WIP/examples/aave-v4/contracts/AccessManagerEnumerable.sol:20041 warning: non-scalar type 'arc4.dynamic_array<arc4.static_array<arc4.uint8, 32>>' in assembly arithmetic, coercing to biguint(0)
/home/argi/AlgorandFoundation/SideProjects/puya-sol/puya-sol/WIP/examples/aave-v4/contracts/AccessManagerEnumerable.sol:20112 warning: non-scalar type 'arc4.dynamic_array<arc4.static_array<arc4.uint8, 32>>' in assembly arithmetic, coercing to biguint(0)
/home/argi/AlgorandFoundation/SideProjects/puya-sol/puya-sol/WIP/examples/aave-v4/contracts/AccessManagerEnumerable.sol:21515 warning: non-scalar type 'arc4.dynamic_array<arc4.uint256>' in assembly arithmetic, coercing to biguint(0)
/home/argi/AlgorandFoundation/SideProjects/puya-sol/puya-sol/WIP/examples/aave-v4/contracts/AccessManagerEnumerable.sol:21537 warning: non-scalar type 'arc4.dynamic_array<arc4.uint256>' in assembly arithmetic, coercing to biguint(0)
/home/argi/AlgorandFoundation/SideProjects/puya-sol/puya-sol/WIP/examples/aave-v4/contracts/AccessManagerEnumerable.sol:21608 warning: non-scalar type 'arc4.dynamic_array<arc4.uint256>' in assembly arithmetic, coercing to biguint(0)
/home/argi/AlgorandFoundation/SideProjects/puya-sol/puya-sol/WIP/examples/aave-v4/contracts/AccessManagerEnumerable.sol:22040 warning: non-scalar type 'arc4.dynamic_array<arc4.static_array<arc4.uint8, 32>>' in assembly arithmetic, coercing to biguint(0)
/home/argi/AlgorandFoundation/SideProjects/puya-sol/puya-sol/WIP/examples/aave-v4/contracts/AccessManagerEnumerable.sol:22499 warning: non-scalar type 'arc4.dynamic_array<arc4.static_array<arc4.uint8, 32>>' in assembly arithmetic, coercing to biguint(0)
/home/argi/AlgorandFoundation/SideProjects/puya-sol/puya-sol/WIP/examples/aave-v4/contracts/AccessManagerEnumerable.sol:22958 warning: non-scalar type 'arc4.dynamic_array<arc4.uint256>' in assembly arithmetic, coercing to biguint(0)
/home/argi/AlgorandFoundation/SideProjects/puya-sol/puya-sol/WIP/examples/aave-v4/contracts/AccessManagerEnumerable.sol:23413 warning: non-scalar type 'arc4.dynamic_array<byte[]>' in assembly arithmetic, coercing to biguint(0)
/home/argi/AlgorandFoundation/SideProjects/puya-sol/puya-sol/WIP/examples/aave-v4/contracts/AccessManagerEnumerable.sol:23868 warning: non-scalar type 'arc4.dynamic_array<string>' in assembly arithmetic, coercing to biguint(0)
/home/argi/AlgorandFoundation/SideProjects/puya-sol/puya-sol/WIP/examples/aave-v4/contracts/AccessManagerEnumerable.sol:24294 warning: non-scalar type 'arc4.dynamic_array<arc4.static_array<arc4.uint8, 32>>' in assembly arithmetic, coercing to biguint(0)
/home/argi/AlgorandFoundation/SideProjects/puya-sol/puya-sol/WIP/examples/aave-v4/contracts/AccessManagerEnumerable.sol:24677 warning: non-scalar type 'arc4.dynamic_array<arc4.static_array<arc4.uint8, 32>>' in assembly arithmetic, coercing to biguint(0)
/home/argi/AlgorandFoundation/SideProjects/puya-sol/puya-sol/WIP/examples/aave-v4/contracts/AccessManagerEnumerable.sol:25060 warning: non-scalar type 'arc4.dynamic_array<arc4.uint256>' in assembly arithmetic, coercing to biguint(0)
/home/argi/AlgorandFoundation/SideProjects/puya-sol/puya-sol/WIP/examples/aave-v4/contracts/AccessManagerEnumerable.sol:25446 warning: non-scalar type 'arc4.dynamic_array<byte[]>' in assembly arithmetic, coercing to biguint(0)
/home/argi/AlgorandFoundation/SideProjects/puya-sol/puya-sol/WIP/examples/aave-v4/contracts/AccessManagerEnumerable.sol:25834 warning: non-scalar type 'arc4.dynamic_array<string>' in assembly arithmetic, coercing to biguint(0)
info: Translating library: Comparators
info: Translating library: EnumerableSet
warning: unrecognised member 'value' on type biguint
/home/argi/AlgorandFoundation/SideProjects/puya-sol/puya-sol/WIP/examples/aave-v4/contracts/AccessManagerEnumerable.sol:7023 warning: unsupported member access '.value'
warning: unrecognised member 'value' on type biguint
/home/argi/AlgorandFoundation/SideProjects/puya-sol/puya-sol/WIP/examples/aave-v4/contracts/AccessManagerEnumerable.sol:22504 warning: unsupported member access '.value'
warning: unrecognised member 'value' on type biguint
/home/argi/AlgorandFoundation/SideProjects/puya-sol/puya-sol/WIP/examples/aave-v4/contracts/AccessManagerEnumerable.sol:27618 warning: unsupported member access '.value'
info: Translating library: Errors
info: Translating library: Hashes
info: Translating library: LowLevelCall
/home/argi/AlgorandFoundation/SideProjects/puya-sol/puya-sol/WIP/examples/aave-v4/contracts/AccessManagerEnumerable.sol:3380 warning: delegatecall() stubbed as success (1)
/home/argi/AlgorandFoundation/SideProjects/puya-sol/puya-sol/WIP/examples/aave-v4/contracts/AccessManagerEnumerable.sol:4047 warning: delegatecall() stubbed as success (1)
info: Translating library: Math
info: Translating library: Panic
info: Translating library: SafeCast
info: Translating library: SlotDerivation
/home/argi/AlgorandFoundation/SideProjects/puya-sol/puya-sol/WIP/examples/aave-v4/contracts/AccessManagerEnumerable.sol:1842 warning: non-scalar type 'string' in assembly arithmetic, coercing to biguint(0)
/home/argi/AlgorandFoundation/SideProjects/puya-sol/puya-sol/WIP/examples/aave-v4/contracts/AccessManagerEnumerable.sol:1832 warning: keccak256 with sub-32-byte input, using partial slot
/home/argi/AlgorandFoundation/SideProjects/puya-sol/puya-sol/WIP/examples/aave-v4/contracts/AccessManagerEnumerable.sol:2724 warning: non-scalar type 'account' in assembly arithmetic, coercing to biguint(0)
/home/argi/AlgorandFoundation/SideProjects/puya-sol/puya-sol/WIP/examples/aave-v4/contracts/AccessManagerEnumerable.sol:4246 warning: non-scalar type 'string' in assembly arithmetic, coercing to biguint(0)
/home/argi/AlgorandFoundation/SideProjects/puya-sol/puya-sol/WIP/examples/aave-v4/contracts/AccessManagerEnumerable.sol:4290 warning: non-scalar type 'string' in assembly arithmetic, coercing to biguint(0)
info: Translating library: StorageSlot
info: Translating library: Time
info: Translating contract: AccessManager
warning: unsupported type 'bytes slice', falling back to bytes
info: Translating contract: AccessManagerEnumerable
info: Generated 43 AWST root node(s)
info: --uros-splitter: 3 chunk(s) carrying 28 method(s) of 'AccessManagerEnumerable'
info: Wrote: /home/argi/AlgorandFoundation/SideProjects/puya-sol/puya-sol/WIP/examples/aave-v4/out/AccessManagerEnumerable/awst.json
info: Wrote: /home/argi/AlgorandFoundation/SideProjects/puya-sol/puya-sol/WIP/examples/aave-v4/out/AccessManagerEnumerable/options.json
info: Wrote: /home/argi/AlgorandFoundation/SideProjects/puya-sol/puya-sol/WIP/examples/aave-v4/out/AccessManagerEnumerable/__uros_split/chunk_0/awst.json
info: Wrote: /home/argi/AlgorandFoundation/SideProjects/puya-sol/puya-sol/WIP/examples/aave-v4/out/AccessManagerEnumerable/__uros_split/chunk_1/awst.json
info: Wrote: /home/argi/AlgorandFoundation/SideProjects/puya-sol/puya-sol/WIP/examples/aave-v4/out/AccessManagerEnumerable/__uros_split/chunk_2/awst.json
info: Completed with 50 warning(s)
info: Invoking puya backend...
info: puya completed successfully
info: Invoking puya backend for --uros-splitter chunk_0...
info: puya completed successfully
info: Invoking puya backend for --uros-splitter chunk_1...
info: puya completed successfully
info: Invoking puya backend for --uros-splitter chunk_2...
info: puya completed successfully
info: Wrote: /home/argi/AlgorandFoundation/SideProjects/puya-sol/puya-sol/WIP/examples/aave-v4/out/AccessManagerEnumerable/deploy.uros.json
