info: puya-sol v0.1.0 — Solidity to Algorand Compiler
info: Source: /home/argi/AlgorandFoundation/SideProjects/puya-sol/puya-sol/WIP/examples/aave-v4/contracts/TakerPositionManager.sol
info: EVM version set to: cancun (hasChainID=true)
info: Parsing and type-checking...
info: Parse and type-check successful!
info: Building AWST...
info: Translating library: Address
/home/argi/AlgorandFoundation/SideProjects/puya-sol/puya-sol/WIP/examples/aave-v4/contracts/TakerPositionManager.sol:1378 warning: address.balance returns the account balance in microAlgos on AVM, not wei. 1 microAlgo = 1e-6 ALGO. This is NOT equivalent to EVM wei (1 wei = 1e-18 ETH). Ensure your contract logic accounts for this difference.
/home/argi/AlgorandFoundation/SideProjects/puya-sol/puya-sol/WIP/examples/aave-v4/contracts/TakerPositionManager.sol:3142 warning: address.balance returns the account balance in microAlgos on AVM, not wei. 1 microAlgo = 1e-6 ALGO. This is NOT equivalent to EVM wei (1 wei = 1e-18 ETH). Ensure your contract logic accounts for this difference.
info: Translating library: Bytes
info: Translating library: ECDSA
info: Translating library: EIP712Hash
info: Translating library: Errors
info: Translating library: LowLevelCall
/home/argi/AlgorandFoundation/SideProjects/puya-sol/puya-sol/WIP/examples/aave-v4/contracts/TakerPositionManager.sol:3380 warning: delegatecall() stubbed as success (1)
/home/argi/AlgorandFoundation/SideProjects/puya-sol/puya-sol/WIP/examples/aave-v4/contracts/TakerPositionManager.sol:4047 warning: delegatecall() stubbed as success (1)
info: Translating library: Math
info: Translating library: MathUtils
info: Translating library: Panic
info: Translating library: SafeCast
info: Translating library: SafeERC20
/home/argi/AlgorandFoundation/SideProjects/puya-sol/puya-sol/WIP/examples/aave-v4/contracts/TakerPositionManager.sol:8335 warning: non-scalar type 'account' in assembly arithmetic, coercing to biguint(0)
/home/argi/AlgorandFoundation/SideProjects/puya-sol/puya-sol/WIP/examples/aave-v4/contracts/TakerPositionManager.sol:9096 warning: extcodesize() stubbed as 1 (no AVM equivalent)
/home/argi/AlgorandFoundation/SideProjects/puya-sol/puya-sol/WIP/examples/aave-v4/contracts/TakerPositionManager.sol:10001 warning: non-scalar type 'account' in assembly arithmetic, coercing to biguint(0)
/home/argi/AlgorandFoundation/SideProjects/puya-sol/puya-sol/WIP/examples/aave-v4/contracts/TakerPositionManager.sol:10048 warning: non-scalar type 'account' in assembly arithmetic, coercing to biguint(0)
/home/argi/AlgorandFoundation/SideProjects/puya-sol/puya-sol/WIP/examples/aave-v4/contracts/TakerPositionManager.sol:10809 warning: extcodesize() stubbed as 1 (no AVM equivalent)
/home/argi/AlgorandFoundation/SideProjects/puya-sol/puya-sol/WIP/examples/aave-v4/contracts/TakerPositionManager.sol:11668 warning: non-scalar type 'account' in assembly arithmetic, coercing to biguint(0)
/home/argi/AlgorandFoundation/SideProjects/puya-sol/puya-sol/WIP/examples/aave-v4/contracts/TakerPositionManager.sol:12434 warning: extcodesize() stubbed as 1 (no AVM equivalent)
info: Translating library: SignatureChecker
/home/argi/AlgorandFoundation/SideProjects/puya-sol/puya-sol/WIP/examples/aave-v4/contracts/TakerPositionManager.sol:4719 warning: address.staticcall(data) stubbed — returns (true, empty).
info: Translating contract: NoncesKeyed
info: Translating contract: TakerPositionManager
warning: block.chainid mapped to global GenesisHash. AVM has no chain ID; GenesisHash uniquely identifies the network
warning: block.chainid mapped to global GenesisHash. AVM has no chain ID; GenesisHash uniquely identifies the network
info: Generated 15 AWST root node(s)
info: Wrote: /home/argi/AlgorandFoundation/SideProjects/puya-sol/puya-sol/WIP/examples/aave-v4/out/TakerPositionManager/awst.json
info: Wrote: /home/argi/AlgorandFoundation/SideProjects/puya-sol/puya-sol/WIP/examples/aave-v4/out/TakerPositionManager/options.json
info: Completed with 14 warning(s)
info: Invoking puya backend...
info: puya completed successfully
