info: puya-sol v0.1.0 — Solidity to Algorand Compiler
info: Source: /home/argi/AlgorandFoundation/SideProjects/puya-sol/puya-sol/WIP/examples/aave-v4/contracts/IntentConsumer.sol
info: EVM version set to: cancun (hasChainID=true)
info: Parsing and type-checking...
info: Parse and type-check successful!
info: Building AWST...
info: Translating library: Bytes
info: Translating library: ECDSA
info: Translating library: Math
info: Translating library: Panic
info: Translating library: SafeCast
info: Translating library: SignatureChecker
/home/argi/AlgorandFoundation/SideProjects/puya-sol/puya-sol/WIP/examples/aave-v4/contracts/IntentConsumer.sol:4719 warning: address.staticcall(data) stubbed — returns (true, empty).
info: Translating contract: NoncesKeyed
info: Generated 1 AWST root node(s)
info: Wrote: /home/argi/AlgorandFoundation/SideProjects/puya-sol/puya-sol/WIP/examples/aave-v4/out/IntentConsumer/awst.json
info: Wrote: /home/argi/AlgorandFoundation/SideProjects/puya-sol/puya-sol/WIP/examples/aave-v4/out/IntentConsumer/options.json
info: Completed with 1 warning(s)
info: Invoking puya backend...
info: puya completed successfully
