info: puya-sol v0.1.0 — Solidity to Algorand Compiler
info: Source: /home/argi/AlgorandFoundation/SideProjects/puya-sol/puya-sol/WIP/examples/aave-v4/contracts/AccessManager.sol
info: EVM version set to: cancun (hasChainID=true)
info: Parsing and type-checking...
info: Parse and type-check successful!
info: Building AWST...
info: Translating library: Address
/home/argi/AlgorandFoundation/SideProjects/puya-sol/puya-sol/WIP/examples/aave-v4/contracts/AccessManager.sol:1378 warning: address.balance returns the account balance in microAlgos on AVM, not wei. 1 microAlgo = 1e-6 ALGO. This is NOT equivalent to EVM wei (1 wei = 1e-18 ETH). Ensure your contract logic accounts for this difference.
/home/argi/AlgorandFoundation/SideProjects/puya-sol/puya-sol/WIP/examples/aave-v4/contracts/AccessManager.sol:3142 warning: address.balance returns the account balance in microAlgos on AVM, not wei. 1 microAlgo = 1e-6 ALGO. This is NOT equivalent to EVM wei (1 wei = 1e-18 ETH). Ensure your contract logic accounts for this difference.
info: Translating library: Errors
info: Translating library: Hashes
info: Translating library: LowLevelCall
/home/argi/AlgorandFoundation/SideProjects/puya-sol/puya-sol/WIP/examples/aave-v4/contracts/AccessManager.sol:3380 warning: delegatecall() stubbed as success (1)
/home/argi/AlgorandFoundation/SideProjects/puya-sol/puya-sol/WIP/examples/aave-v4/contracts/AccessManager.sol:4047 warning: delegatecall() stubbed as success (1)
info: Translating library: Math
info: Translating library: Panic
info: Translating library: SafeCast
info: Translating library: Time
info: Translating contract: AccessManager
warning: unsupported type 'bytes slice', falling back to bytes
info: Generated 19 AWST root node(s)
info: Wrote: /home/argi/AlgorandFoundation/SideProjects/puya-sol/puya-sol/WIP/examples/aave-v4/out/AccessManager/awst.json
info: Wrote: /home/argi/AlgorandFoundation/SideProjects/puya-sol/puya-sol/WIP/examples/aave-v4/out/AccessManager/options.json
info: Completed with 5 warning(s)
info: Invoking puya backend...
info: puya completed successfully
