info: puya-sol v0.1.0 — Solidity to Algorand Compiler
info: Source: /home/argi/AlgorandFoundation/SideProjects/puya-sol/puya-sol/WIP/examples/morpho-blue/contracts/Morpho.sol
info: EVM version set to: cancun (hasChainID=true)
info: Parsing and type-checking...
info: Parse and type-check successful!
info: Building AWST...
info: Translating library: ErrorsLib
info: Translating library: EventsLib
info: Translating library: MarketParamsLib
info: Translating library: MathLib
info: Translating library: SafeTransferLib
info: Translating library: SharesMathLib
info: Translating library: UtilsLib
info: Translating contract: Morpho
/home/argi/AlgorandFoundation/SideProjects/puya-sol/puya-sol/WIP/examples/morpho-blue/contracts/Morpho.sol:21981 warning: non-scalar type 'arc4.dynamic_array<byte[32]>' in assembly arithmetic, coercing to biguint(0)
info: Generated 19 AWST root node(s)
info: --uros-splitter: 1 chunk(s) carrying 1 method(s) of 'Morpho'
info: Wrote: WIP/examples/morpho-blue/out/Morpho/awst.json
info: Wrote: WIP/examples/morpho-blue/out/Morpho/options.json
info: Wrote: WIP/examples/morpho-blue/out/Morpho/__uros_split/chunk_0/awst.json
info: Completed with 1 warning(s)
info: Invoking puya backend...
info: puya completed successfully
info: Invoking puya backend for --uros-splitter chunk_0...
info: puya completed successfully
info: Wrote: WIP/examples/morpho-blue/out/Morpho/deploy.uros.json
