info: puya-sol v0.1.0 — Solidity to Algorand Compiler
info: Source: /home/argi/AlgorandFoundation/SideProjects/puya-sol/puya-sol/WIP/examples/aave-v4/contracts/Hub.sol
info: EVM version set to: cancun (hasChainID=true)
info: Parsing and type-checking...
info: Parse and type-check successful!
info: Building AWST...
info: Translating library: Arrays
/home/argi/AlgorandFoundation/SideProjects/puya-sol/puya-sol/WIP/examples/aave-v4/contracts/Hub.sol:6233 warning: non-scalar type 'arc4.dynamic_array<arc4.uint256>' in assembly arithmetic, coercing to biguint(0)
warning: unrecognised member 'value' on type biguint
/home/argi/AlgorandFoundation/SideProjects/puya-sol/puya-sol/WIP/examples/aave-v4/contracts/Hub.sol:9236 warning: unsupported member access '.value'
warning: unrecognised member 'value' on type biguint
/home/argi/AlgorandFoundation/SideProjects/puya-sol/puya-sol/WIP/examples/aave-v4/contracts/Hub.sol:9471 warning: unsupported member access '.value'
warning: unrecognised member 'value' on type biguint
/home/argi/AlgorandFoundation/SideProjects/puya-sol/puya-sol/WIP/examples/aave-v4/contracts/Hub.sol:10457 warning: unsupported member access '.value'
warning: unrecognised member 'value' on type biguint
/home/argi/AlgorandFoundation/SideProjects/puya-sol/puya-sol/WIP/examples/aave-v4/contracts/Hub.sol:11551 warning: unsupported member access '.value'
/home/argi/AlgorandFoundation/SideProjects/puya-sol/puya-sol/WIP/examples/aave-v4/contracts/Hub.sol:14500 warning: non-scalar type 'arc4.dynamic_array<arc4.static_array<arc4.uint8, 32>>' in assembly arithmetic, coercing to biguint(0)
/home/argi/AlgorandFoundation/SideProjects/puya-sol/puya-sol/WIP/examples/aave-v4/contracts/Hub.sol:14523 warning: non-scalar type 'arc4.dynamic_array<arc4.static_array<arc4.uint8, 32>>' in assembly arithmetic, coercing to biguint(0)
/home/argi/AlgorandFoundation/SideProjects/puya-sol/puya-sol/WIP/examples/aave-v4/contracts/Hub.sol:15781 warning: non-scalar type 'arc4.dynamic_array<arc4.static_array<arc4.uint8, 32>>' in assembly arithmetic, coercing to biguint(0)
/home/argi/AlgorandFoundation/SideProjects/puya-sol/puya-sol/WIP/examples/aave-v4/contracts/Hub.sol:15804 warning: non-scalar type 'arc4.dynamic_array<arc4.static_array<arc4.uint8, 32>>' in assembly arithmetic, coercing to biguint(0)
/home/argi/AlgorandFoundation/SideProjects/puya-sol/puya-sol/WIP/examples/aave-v4/contracts/Hub.sol:17062 warning: non-scalar type 'arc4.dynamic_array<arc4.uint256>' in assembly arithmetic, coercing to biguint(0)
/home/argi/AlgorandFoundation/SideProjects/puya-sol/puya-sol/WIP/examples/aave-v4/contracts/Hub.sol:17085 warning: non-scalar type 'arc4.dynamic_array<arc4.uint256>' in assembly arithmetic, coercing to biguint(0)
/home/argi/AlgorandFoundation/SideProjects/puya-sol/puya-sol/WIP/examples/aave-v4/contracts/Hub.sol:18523 warning: non-scalar type 'arc4.dynamic_array<arc4.static_array<arc4.uint8, 32>>' in assembly arithmetic, coercing to biguint(0)
/home/argi/AlgorandFoundation/SideProjects/puya-sol/puya-sol/WIP/examples/aave-v4/contracts/Hub.sol:18545 warning: non-scalar type 'arc4.dynamic_array<arc4.static_array<arc4.uint8, 32>>' in assembly arithmetic, coercing to biguint(0)
/home/argi/AlgorandFoundation/SideProjects/puya-sol/puya-sol/WIP/examples/aave-v4/contracts/Hub.sol:18616 warning: non-scalar type 'arc4.dynamic_array<arc4.static_array<arc4.uint8, 32>>' in assembly arithmetic, coercing to biguint(0)
/home/argi/AlgorandFoundation/SideProjects/puya-sol/puya-sol/WIP/examples/aave-v4/contracts/Hub.sol:20019 warning: non-scalar type 'arc4.dynamic_array<arc4.static_array<arc4.uint8, 32>>' in assembly arithmetic, coercing to biguint(0)
/home/argi/AlgorandFoundation/SideProjects/puya-sol/puya-sol/WIP/examples/aave-v4/contracts/Hub.sol:20041 warning: non-scalar type 'arc4.dynamic_array<arc4.static_array<arc4.uint8, 32>>' in assembly arithmetic, coercing to biguint(0)
/home/argi/AlgorandFoundation/SideProjects/puya-sol/puya-sol/WIP/examples/aave-v4/contracts/Hub.sol:20112 warning: non-scalar type 'arc4.dynamic_array<arc4.static_array<arc4.uint8, 32>>' in assembly arithmetic, coercing to biguint(0)
/home/argi/AlgorandFoundation/SideProjects/puya-sol/puya-sol/WIP/examples/aave-v4/contracts/Hub.sol:21515 warning: non-scalar type 'arc4.dynamic_array<arc4.uint256>' in assembly arithmetic, coercing to biguint(0)
/home/argi/AlgorandFoundation/SideProjects/puya-sol/puya-sol/WIP/examples/aave-v4/contracts/Hub.sol:21537 warning: non-scalar type 'arc4.dynamic_array<arc4.uint256>' in assembly arithmetic, coercing to biguint(0)
/home/argi/AlgorandFoundation/SideProjects/puya-sol/puya-sol/WIP/examples/aave-v4/contracts/Hub.sol:21608 warning: non-scalar type 'arc4.dynamic_array<arc4.uint256>' in assembly arithmetic, coercing to biguint(0)
/home/argi/AlgorandFoundation/SideProjects/puya-sol/puya-sol/WIP/examples/aave-v4/contracts/Hub.sol:22040 warning: non-scalar type 'arc4.dynamic_array<arc4.static_array<arc4.uint8, 32>>' in assembly arithmetic, coercing to biguint(0)
/home/argi/AlgorandFoundation/SideProjects/puya-sol/puya-sol/WIP/examples/aave-v4/contracts/Hub.sol:22499 warning: non-scalar type 'arc4.dynamic_array<arc4.static_array<arc4.uint8, 32>>' in assembly arithmetic, coercing to biguint(0)
/home/argi/AlgorandFoundation/SideProjects/puya-sol/puya-sol/WIP/examples/aave-v4/contracts/Hub.sol:22958 warning: non-scalar type 'arc4.dynamic_array<arc4.uint256>' in assembly arithmetic, coercing to biguint(0)
/home/argi/AlgorandFoundation/SideProjects/puya-sol/puya-sol/WIP/examples/aave-v4/contracts/Hub.sol:23413 warning: non-scalar type 'arc4.dynamic_array<byte[]>' in assembly arithmetic, coercing to biguint(0)
/home/argi/AlgorandFoundation/SideProjects/puya-sol/puya-sol/WIP/examples/aave-v4/contracts/Hub.sol:23868 warning: non-scalar type 'arc4.dynamic_array<string>' in assembly arithmetic, coercing to biguint(0)
/home/argi/AlgorandFoundation/SideProjects/puya-sol/puya-sol/WIP/examples/aave-v4/contracts/Hub.sol:24294 warning: non-scalar type 'arc4.dynamic_array<arc4.static_array<arc4.uint8, 32>>' in assembly arithmetic, coercing to biguint(0)
/home/argi/AlgorandFoundation/SideProjects/puya-sol/puya-sol/WIP/examples/aave-v4/contracts/Hub.sol:24677 warning: non-scalar type 'arc4.dynamic_array<arc4.static_array<arc4.uint8, 32>>' in assembly arithmetic, coercing to biguint(0)
/home/argi/AlgorandFoundation/SideProjects/puya-sol/puya-sol/WIP/examples/aave-v4/contracts/Hub.sol:25060 warning: non-scalar type 'arc4.dynamic_array<arc4.uint256>' in assembly arithmetic, coercing to biguint(0)
/home/argi/AlgorandFoundation/SideProjects/puya-sol/puya-sol/WIP/examples/aave-v4/contracts/Hub.sol:25446 warning: non-scalar type 'arc4.dynamic_array<byte[]>' in assembly arithmetic, coercing to biguint(0)
/home/argi/AlgorandFoundation/SideProjects/puya-sol/puya-sol/WIP/examples/aave-v4/contracts/Hub.sol:25834 warning: non-scalar type 'arc4.dynamic_array<string>' in assembly arithmetic, coercing to biguint(0)
info: Translating library: AssetLogic
info: Translating library: AuthorityUtils
/home/argi/AlgorandFoundation/SideProjects/puya-sol/puya-sol/WIP/examples/aave-v4/contracts/Hub.sol:928 warning: staticcall in pure expression context; use let/assign form for precompile support
info: Translating library: Comparators
info: Translating library: EnumerableSet
warning: unrecognised member 'value' on type biguint
/home/argi/AlgorandFoundation/SideProjects/puya-sol/puya-sol/WIP/examples/aave-v4/contracts/Hub.sol:7023 warning: unsupported member access '.value'
warning: unrecognised member 'value' on type biguint
/home/argi/AlgorandFoundation/SideProjects/puya-sol/puya-sol/WIP/examples/aave-v4/contracts/Hub.sol:22504 warning: unsupported member access '.value'
warning: unrecognised member 'value' on type biguint
/home/argi/AlgorandFoundation/SideProjects/puya-sol/puya-sol/WIP/examples/aave-v4/contracts/Hub.sol:27618 warning: unsupported member access '.value'
info: Translating library: Math
info: Translating library: MathUtils
info: Translating library: Panic
info: Translating library: PercentageMath
info: Translating library: Premium
info: Translating library: SafeCast
info: Translating library: SafeERC20
/home/argi/AlgorandFoundation/SideProjects/puya-sol/puya-sol/WIP/examples/aave-v4/contracts/Hub.sol:8335 warning: non-scalar type 'account' in assembly arithmetic, coercing to biguint(0)
/home/argi/AlgorandFoundation/SideProjects/puya-sol/puya-sol/WIP/examples/aave-v4/contracts/Hub.sol:9096 warning: extcodesize() stubbed as 1 (no AVM equivalent)
/home/argi/AlgorandFoundation/SideProjects/puya-sol/puya-sol/WIP/examples/aave-v4/contracts/Hub.sol:10001 warning: non-scalar type 'account' in assembly arithmetic, coercing to biguint(0)
/home/argi/AlgorandFoundation/SideProjects/puya-sol/puya-sol/WIP/examples/aave-v4/contracts/Hub.sol:10048 warning: non-scalar type 'account' in assembly arithmetic, coercing to biguint(0)
/home/argi/AlgorandFoundation/SideProjects/puya-sol/puya-sol/WIP/examples/aave-v4/contracts/Hub.sol:10809 warning: extcodesize() stubbed as 1 (no AVM equivalent)
/home/argi/AlgorandFoundation/SideProjects/puya-sol/puya-sol/WIP/examples/aave-v4/contracts/Hub.sol:11668 warning: non-scalar type 'account' in assembly arithmetic, coercing to biguint(0)
/home/argi/AlgorandFoundation/SideProjects/puya-sol/puya-sol/WIP/examples/aave-v4/contracts/Hub.sol:12434 warning: extcodesize() stubbed as 1 (no AVM equivalent)
info: Translating library: SharesMath
info: Translating library: SlotDerivation
/home/argi/AlgorandFoundation/SideProjects/puya-sol/puya-sol/WIP/examples/aave-v4/contracts/Hub.sol:1842 warning: non-scalar type 'string' in assembly arithmetic, coercing to biguint(0)
/home/argi/AlgorandFoundation/SideProjects/puya-sol/puya-sol/WIP/examples/aave-v4/contracts/Hub.sol:1832 warning: keccak256 with sub-32-byte input, using partial slot
/home/argi/AlgorandFoundation/SideProjects/puya-sol/puya-sol/WIP/examples/aave-v4/contracts/Hub.sol:2724 warning: non-scalar type 'account' in assembly arithmetic, coercing to biguint(0)
/home/argi/AlgorandFoundation/SideProjects/puya-sol/puya-sol/WIP/examples/aave-v4/contracts/Hub.sol:4246 warning: non-scalar type 'string' in assembly arithmetic, coercing to biguint(0)
/home/argi/AlgorandFoundation/SideProjects/puya-sol/puya-sol/WIP/examples/aave-v4/contracts/Hub.sol:4290 warning: non-scalar type 'string' in assembly arithmetic, coercing to biguint(0)
info: Translating library: StorageSlot
info: Translating library: WadRayMath
info: Translating contract: Hub
warning: unsupported type 'bytes slice', falling back to bytes
info: Generated 62 AWST root node(s)
info: Wrote: /home/argi/AlgorandFoundation/SideProjects/puya-sol/puya-sol/WIP/examples/aave-v4/out/Hub/awst.json
info: Wrote: /home/argi/AlgorandFoundation/SideProjects/puya-sol/puya-sol/WIP/examples/aave-v4/out/Hub/options.json
info: Completed with 54 warning(s)
info: Invoking puya backend...
info: puya completed successfully
